[CPodFile_mountFromFile_FUN_0054f650.keep.cpp:251] mounted /home/aryie/Repositories/NocturneDecomp/TRANS.POD: 28 files, version=200
[CPodFile_mountFromFile_FUN_0054f650.keep.cpp:251] mounted /home/aryie/Repositories/NocturneDecomp/MANSION.POD: 532 files, version=200
[CPodFile_mountFromFile_FUN_0054f650.keep.cpp:251] mounted /home/aryie/Repositories/NocturneDecomp/GRAVE.POD: 274 files, version=200
[CPodFile_mountFromFile_FUN_0054f650.keep.cpp:251] mounted /home/aryie/Repositories/NocturneDecomp/ACT4.POD: 377 files, version=200
[CPodFile_mountFromFile_FUN_0054f650.keep.cpp:251] mounted /home/aryie/Repositories/NocturneDecomp/ACT1.POD: 420 files, version=200
[CPodFile_mountFromFile_FUN_0054f650.keep.cpp:251] mounted /home/aryie/Repositories/NocturneDecomp/ACT5SND.POD: 1 files, version=200
[CPodFile_mountFromFile_FUN_0054f650.keep.cpp:251] mounted /home/aryie/Repositories/NocturneDecomp/INTFACT.POD: 166 files, version=200
[CPodFile_mountFromFile_FUN_0054f650.keep.cpp:251] mounted /home/aryie/Repositories/NocturneDecomp/theater.pod: 310 files, version=200
[CPodFile_mountFromFile_FUN_0054f650.keep.cpp:251] mounted /home/aryie/Repositories/NocturneDecomp/DUNGEON.POD: 235 files, version=200
[CPodFile_mountFromFile_FUN_0054f650.keep.cpp:251] mounted /home/aryie/Repositories/NocturneDecomp/STARTUP.POD: 1541 files, version=200
[CPodFile_mountFromFile_FUN_0054f650.keep.cpp:251] mounted /home/aryie/Repositories/NocturneDecomp/music.pod: 57 files, version=200
[CPodFile_mountFromFile_FUN_0054f650.keep.cpp:251] mounted /home/aryie/Repositories/NocturneDecomp/act3snd.pod: 170 files, version=200
[CPodFile_mountFromFile_FUN_0054f650.keep.cpp:251] mounted /home/aryie/Repositories/NocturneDecomp/MOVIE5.POD: 2 files, version=200
[CPodFile_mountFromFile_FUN_0054f650.keep.cpp:251] mounted /home/aryie/Repositories/NocturneDecomp/MOVIE3.POD: 2 files, version=200
[CPodFile_mountFromFile_FUN_0054f650.keep.cpp:251] mounted /home/aryie/Repositories/NocturneDecomp/npc.pod: 213 files, version=200
[CPodFile_mountFromFile_FUN_0054f650.keep.cpp:251] mounted /home/aryie/Repositories/NocturneDecomp/act2snd.pod: 94 files, version=200
[CPodFile_mountFromFile_FUN_0054f650.keep.cpp:251] mounted /home/aryie/Repositories/NocturneDecomp/SPEAK.POD: 49 files, version=200
[CPodFile_mountFromFile_FUN_0054f650.keep.cpp:251] mounted /home/aryie/Repositories/NocturneDecomp/ACT4SND.POD: 25 files, version=200
[CPodFile_mountFromFile_FUN_0054f650.keep.cpp:251] mounted /home/aryie/Repositories/NocturneDecomp/GTOWN.POD: 241 files, version=200
[CPodFile_mountFromFile_FUN_0054f650.keep.cpp:251] mounted /home/aryie/Repositories/NocturneDecomp/HQWRECK.POD: 130 files, version=200
[CPodFile_mountFromFile_FUN_0054f650.keep.cpp:251] mounted /home/aryie/Repositories/NocturneDecomp/ACT2.POD: 292 files, version=200
[CPodFile_mountFromFile_FUN_0054f650.keep.cpp:251] mounted /home/aryie/Repositories/NocturneDecomp/ENGLISH.POD: 2032 files, version=200
[CPodFile_mountFromFile_FUN_0054f650.keep.cpp:251] mounted /home/aryie/Repositories/NocturneDecomp/enemy.pod: 457 files, version=200
[CPodFile_mountFromFile_FUN_0054f650.keep.cpp:251] mounted /home/aryie/Repositories/NocturneDecomp/FACTORY.POD: 121 files, version=200
[CPodFile_mountFromFile_FUN_0054f650.keep.cpp:251] mounted /home/aryie/Repositories/NocturneDecomp/temple.pod: 295 files, version=200
[CPodFile_mountFromFile_FUN_0054f650.keep.cpp:251] mounted /home/aryie/Repositories/NocturneDecomp/WWORKS.POD: 31 files, version=200
[CPodFile_mountFromFile_FUN_0054f650.keep.cpp:251] mounted /home/aryie/Repositories/NocturneDecomp/SOUND.POD: 732 files, version=200
[CPodFile_mountFromFile_FUN_0054f650.keep.cpp:251] mounted /home/aryie/Repositories/NocturneDecomp/HQ.POD: 130 files, version=200
[CPodFile_mountFromFile_FUN_0054f650.keep.cpp:251] mounted /home/aryie/Repositories/NocturneDecomp/chicago.pod: 658 files, version=200
[CPodFile_mountFromFile_FUN_0054f650.keep.cpp:251] mounted /home/aryie/Repositories/NocturneDecomp/tground.pod: 480 files, version=1
[CPodFile_mountFromFile_FUN_0054f650.keep.cpp:251] mounted /home/aryie/Repositories/NocturneDecomp/WARE2.POD: 244 files, version=200
[CPodFile_mountFromFile_FUN_0054f650.keep.cpp:251] mounted /home/aryie/Repositories/NocturneDecomp/hero.pod: 115 files, version=200
[CPodFile_mountFromFile_FUN_0054f650.keep.cpp:251] mounted /home/aryie/Repositories/NocturneDecomp/ACT5.POD: 40 files, version=200
[CPodFile_mountFromFile_FUN_0054f650.keep.cpp:251] mounted /home/aryie/Repositories/NocturneDecomp/forest.pod: 253 files, version=200
[CPodFile_mountFromFile_FUN_0054f650.keep.cpp:251] mounted /home/aryie/Repositories/NocturneDecomp/ACT3.POD: 400 files, version=200
[CPodFile_mountFromFile_FUN_0054f650.keep.cpp:251] mounted /home/aryie/Repositories/NocturneDecomp/train.pod: 151 files, version=200
[CPodFile_mountFromFile_FUN_0054f650.keep.cpp:251] mounted /home/aryie/Repositories/NocturneDecomp/castle.pod: 451 files, version=200
[CPodFile_mountFromFile_FUN_0054f650.keep.cpp:251] mounted /home/aryie/Repositories/NocturneDecomp/town.pod: 319 files, version=200
[CPodFile_mountFromFile_FUN_0054f650.keep.cpp:251] mounted /home/aryie/Repositories/NocturneDecomp/ACT1SND.POD: 18 files, version=200
[CPodFile_mountFromFile_FUN_0054f650.keep.cpp:251] mounted /home/aryie/Repositories/NocturneDecomp/MOVIE4.POD: 2 files, version=200
[CPodFile_mountFromFile_FUN_0054f650.keep.cpp:251] mounted /home/aryie/Repositories/NocturneDecomp/mine.pod: 295 files, version=200
[initializeGameSystems_FUN_00507a60.keep.c:55] registering search handlers (count before=0)
[addGetFileInfoHook_FUN_00481710.keep.c:19] addGetFileInfoHook: handler=0x5d627570, count before=0
[addGetFileInfoHook_FUN_00481710.keep.c:22] count after=1
[addGetFileInfoHook_FUN_00481710.keep.c:19] addGetFileInfoHook: handler=0x5d430320, count before=1
[addGetFileInfoHook_FUN_00481710.keep.c:22] count after=2
[initializeGameSystems_FUN_00507a60.keep.c:58] handlers registered (count after=2)
[findFile_FUN_00481760.keep.c:17] findFile: path='msglist.txt' handlers=2
[findFileInPod_FUN_00551960.keep.cpp:19] findFileInPod: 'msglist.txt' (pod_file_count=41)
[findFileInPod_FUN_00551960.keep.cpp:21] findFileInPod: result=0
[findFile_FUN_00481760.keep.c:17] findFile: path='art\vga.act' handlers=2
[findFileInPod_FUN_00551960.keep.cpp:19] findFileInPod: 'art\vga.act' (pod_file_count=41)
[findFileInPod_FUN_00551960.keep.cpp:21] findFileInPod: result=1
[findFile_FUN_00481760.keep.c:17] findFile: path='fog\vga.map' handlers=2
[findFileInPod_FUN_00551960.keep.cpp:19] findFileInPod: 'fog\vga.map' (pod_file_count=41)
[findFileInPod_FUN_00551960.keep.cpp:21] findFileInPod: result=1
[findFile_FUN_00481760.keep.c:17] findFile: path='art\default.act' handlers=2
[findFileInPod_FUN_00551960.keep.cpp:19] findFileInPod: 'art\default.act' (pod_file_count=41)
[findFileInPod_FUN_00551960.keep.cpp:21] findFileInPod: result=0
[findFile_FUN_00481760.keep.c:17] findFile: path='art\nocfont.raw' handlers=2
[findFileInPod_FUN_00551960.keep.cpp:19] findFileInPod: 'art\nocfont.raw' (pod_file_count=41)
[findFileInPod_FUN_00551960.keep.cpp:21] findFileInPod: result=1
[findFile_FUN_00481760.keep.c:17] findFile: path='art\nocfont.raw' handlers=2
[findFileInPod_FUN_00551960.keep.cpp:19] findFileInPod: 'art\nocfont.raw' (pod_file_count=41)
[findFileInPod_FUN_00551960.keep.cpp:21] findFileInPod: result=1
[findFile_FUN_00481760.keep.c:17] findFile: path='art\nocfont.act' handlers=2
[findFileInPod_FUN_00551960.keep.cpp:19] findFileInPod: 'art\nocfont.act' (pod_file_count=41)
[findFileInPod_FUN_00551960.keep.cpp:21] findFileInPod: result=1
[findFile_FUN_00481760.keep.c:17] findFile: path='art\nocsmall.raw' handlers=2
[findFileInPod_FUN_00551960.keep.cpp:19] findFileInPod: 'art\nocsmall.raw' (pod_file_count=41)
[findFileInPod_FUN_00551960.keep.cpp:21] findFileInPod: result=1
[findFile_FUN_00481760.keep.c:17] findFile: path='art\nocsmall.raw' handlers=2
[findFileInPod_FUN_00551960.keep.cpp:19] findFileInPod: 'art\nocsmall.raw' (pod_file_count=41)
[findFileInPod_FUN_00551960.keep.cpp:21] findFileInPod: result=1
[findFile_FUN_00481760.keep.c:17] findFile: path='art\nocsmall.act' handlers=2
[findFileInPod_FUN_00551960.keep.cpp:19] findFileInPod: 'art\nocsmall.act' (pod_file_count=41)
[findFileInPod_FUN_00551960.keep.cpp:21] findFileInPod: result=1
[findFile_FUN_00481760.keep.c:17] findFile: path='art\menufont.raw' handlers=2
[findFileInPod_FUN_00551960.keep.cpp:19] findFileInPod: 'art\menufont.raw' (pod_file_count=41)
[findFileInPod_FUN_00551960.keep.cpp:21] findFileInPod: result=1
[findFile_FUN_00481760.keep.c:17] findFile: path='art\menufont.raw' handlers=2
[findFileInPod_FUN_00551960.keep.cpp:19] findFileInPod: 'art\menufont.raw' (pod_file_count=41)
[findFileInPod_FUN_00551960.keep.cpp:21] findFileInPod: result=1
[findFile_FUN_00481760.keep.c:17] findFile: path='art\menufont.act' handlers=2
[findFileInPod_FUN_00551960.keep.cpp:19] findFileInPod: 'art\menufont.act' (pod_file_count=41)
[findFileInPod_FUN_00551960.keep.cpp:21] findFileInPod: result=1
[findFile_FUN_00481760.keep.c:17] findFile: path='art\fnte_pfd.RAW' handlers=2
[findFileInPod_FUN_00551960.keep.cpp:19] findFileInPod: 'art\fnte_pfd.RAW' (pod_file_count=41)
[findFileInPod_FUN_00551960.keep.cpp:21] findFileInPod: result=1
[findFile_FUN_00481760.keep.c:17] findFile: path='art\fnte_pfd.RAW' handlers=2
[findFileInPod_FUN_00551960.keep.cpp:19] findFileInPod: 'art\fnte_pfd.RAW' (pod_file_count=41)
[findFileInPod_FUN_00551960.keep.cpp:21] findFileInPod: result=1
[findFile_FUN_00481760.keep.c:17] findFile: path='art\fnte_pfd.act' handlers=2
[findFileInPod_FUN_00551960.keep.cpp:19] findFileInPod: 'art\fnte_pfd.act' (pod_file_count=41)
[findFileInPod_FUN_00551960.keep.cpp:21] findFileInPod: result=1
[findFile_FUN_00481760.keep.c:17] findFile: path='art\fnte_f.RAW' handlers=2
[findFileInPod_FUN_00551960.keep.cpp:19] findFileInPod: 'art\fnte_f.RAW' (pod_file_count=41)
[findFileInPod_FUN_00551960.keep.cpp:21] findFileInPod: result=1
[findFile_FUN_00481760.keep.c:17] findFile: path='art\fnte_f.RAW' handlers=2
[findFileInPod_FUN_00551960.keep.cpp:19] findFileInPod: 'art\fnte_f.RAW' (pod_file_count=41)
[findFileInPod_FUN_00551960.keep.cpp:21] findFileInPod: result=1
[findFile_FUN_00481760.keep.c:17] findFile: path='art\fnte_f.act' handlers=2
[findFileInPod_FUN_00551960.keep.cpp:19] findFileInPod: 'art\fnte_f.act' (pod_file_count=41)
[findFileInPod_FUN_00551960.keep.cpp:21] findFileInPod: result=1
[findFile_FUN_00481760.keep.c:17] findFile: path='art\micro.raw' handlers=2
[findFileInPod_FUN_00551960.keep.cpp:19] findFileInPod: 'art\micro.raw' (pod_file_count=41)
[findFileInPod_FUN_00551960.keep.cpp:21] findFileInPod: result=1
[findFile_FUN_00481760.keep.c:17] findFile: path='art\micro.raw' handlers=2
[findFileInPod_FUN_00551960.keep.cpp:19] findFileInPod: 'art\micro.raw' (pod_file_count=41)
[findFileInPod_FUN_00551960.keep.cpp:21] findFileInPod: result=1
[findFile_FUN_00481760.keep.c:17] findFile: path='art\micro.act' handlers=2
[findFileInPod_FUN_00551960.keep.cpp:19] findFileInPod: 'art\micro.act' (pod_file_count=41)
[findFileInPod_FUN_00551960.keep.cpp:21] findFileInPod: result=1
[findFile_FUN_00481760.keep.c:17] findFile: path='art\fangs.raw' handlers=2
[findFileInPod_FUN_00551960.keep.cpp:19] findFileInPod: 'art\fangs.raw' (pod_file_count=41)
[findFileInPod_FUN_00551960.keep.cpp:21] findFileInPod: result=1
[findFile_FUN_00481760.keep.c:17] findFile: path='art\fangs.act' handlers=2
[findFileInPod_FUN_00551960.keep.cpp:19] findFileInPod: 'art\fangs.act' (pod_file_count=41)
[findFileInPod_FUN_00551960.keep.cpp:21] findFileInPod: result=1
[findFile_FUN_00481760.keep.c:17] findFile: path='art\fangs.opa' handlers=2
[findFileInPod_FUN_00551960.keep.cpp:19] findFileInPod: 'art\fangs.opa' (pod_file_count=41)
[findFileInPod_FUN_00551960.keep.cpp:21] findFileInPod: result=0
[findFile_FUN_00481760.keep.c:17] findFile: path='art\crsr1.raw' handlers=2
[findFileInPod_FUN_00551960.keep.cpp:19] findFileInPod: 'art\crsr1.raw' (pod_file_count=41)
[findFileInPod_FUN_00551960.keep.cpp:21] findFileInPod: result=1
[findFile_FUN_00481760.keep.c:17] findFile: path='art\crsr1.act' handlers=2
[findFileInPod_FUN_00551960.keep.cpp:19] findFileInPod: 'art\crsr1.act' (pod_file_count=41)
[findFileInPod_FUN_00551960.keep.cpp:21] findFileInPod: result=1
[findFile_FUN_00481760.keep.c:17] findFile: path='art\crsr1.opa' handlers=2
[findFileInPod_FUN_00551960.keep.cpp:19] findFileInPod: 'art\crsr1.opa' (pod_file_count=41)
[findFileInPod_FUN_00551960.keep.cpp:21] findFileInPod: result=1
[findFile_FUN_00481760.keep.c:17] findFile: path='art\crsr2.raw' handlers=2
[findFileInPod_FUN_00551960.keep.cpp:19] findFileInPod: 'art\crsr2.raw' (pod_file_count=41)
[findFileInPod_FUN_00551960.keep.cpp:21] findFileInPod: result=1
[findFile_FUN_00481760.keep.c:17] findFile: path='art\crsr2.act' handlers=2
[findFileInPod_FUN_00551960.keep.cpp:19] findFileInPod: 'art\crsr2.act' (pod_file_count=41)
[findFileInPod_FUN_00551960.keep.cpp:21] findFileInPod: result=1
[findFile_FUN_00481760.keep.c:17] findFile: path='art\crsr2.opa' handlers=2
[findFileInPod_FUN_00551960.keep.cpp:19] findFileInPod: 'art\crsr2.opa' (pod_file_count=41)
[findFileInPod_FUN_00551960.keep.cpp:21] findFileInPod: result=1
[findFile_FUN_00481760.keep.c:17] findFile: path='art\crsr3.raw' handlers=2
[findFileInPod_FUN_00551960.keep.cpp:19] findFileInPod: 'art\crsr3.raw' (pod_file_count=41)
[findFileInPod_FUN_00551960.keep.cpp:21] findFileInPod: result=1
[findFile_FUN_00481760.keep.c:17] findFile: path='art\crsr3.act' handlers=2
[findFileInPod_FUN_00551960.keep.cpp:19] findFileInPod: 'art\crsr3.act' (pod_file_count=41)
[findFileInPod_FUN_00551960.keep.cpp:21] findFileInPod: result=1
[findFile_FUN_00481760.keep.c:17] findFile: path='art\crsr3.opa' handlers=2
[findFileInPod_FUN_00551960.keep.cpp:19] findFileInPod: 'art\crsr3.opa' (pod_file_count=41)
[findFileInPod_FUN_00551960.keep.cpp:21] findFileInPod: result=1
[findFile_FUN_00481760.keep.c:17] findFile: path='art\crsr4.raw' handlers=2
[findFileInPod_FUN_00551960.keep.cpp:19] findFileInPod: 'art\crsr4.raw' (pod_file_count=41)
[findFileInPod_FUN_00551960.keep.cpp:21] findFileInPod: result=1
[findFile_FUN_00481760.keep.c:17] findFile: path='art\crsr4.act' handlers=2
[findFileInPod_FUN_00551960.keep.cpp:19] findFileInPod: 'art\crsr4.act' (pod_file_count=41)
[findFileInPod_FUN_00551960.keep.cpp:21] findFileInPod: result=1
[findFile_FUN_00481760.keep.c:17] findFile: path='art\crsr4.opa' handlers=2
[findFileInPod_FUN_00551960.keep.cpp:19] findFileInPod: 'art\crsr4.opa' (pod_file_count=41)
[findFileInPod_FUN_00551960.keep.cpp:21] findFileInPod: result=1
[findFile_FUN_00481760.keep.c:17] findFile: path='art\crsr5.raw' handlers=2
[findFileInPod_FUN_00551960.keep.cpp:19] findFileInPod: 'art\crsr5.raw' (pod_file_count=41)
[findFileInPod_FUN_00551960.keep.cpp:21] findFileInPod: result=1
[findFile_FUN_00481760.keep.c:17] findFile: path='art\crsr5.act' handlers=2
[findFileInPod_FUN_00551960.keep.cpp:19] findFileInPod: 'art\crsr5.act' (pod_file_count=41)
[findFileInPod_FUN_00551960.keep.cpp:21] findFileInPod: result=1
[findFile_FUN_00481760.keep.c:17] findFile: path='art\crsr5.opa' handlers=2
[findFileInPod_FUN_00551960.keep.cpp:19] findFileInPod: 'art\crsr5.opa' (pod_file_count=41)
[findFileInPod_FUN_00551960.keep.cpp:21] findFileInPod: result=1
[findFile_FUN_00481760.keep.c:17] findFile: path='art\crsr6.raw' handlers=2
[findFileInPod_FUN_00551960.keep.cpp:19] findFileInPod: 'art\crsr6.raw' (pod_file_count=41)
[findFileInPod_FUN_00551960.keep.cpp:21] findFileInPod: result=1
[findFile_FUN_00481760.keep.c:17] findFile: path='art\crsr6.act' handlers=2
[findFileInPod_FUN_00551960.keep.cpp:19] findFileInPod: 'art\crsr6.act' (pod_file_count=41)
[findFileInPod_FUN_00551960.keep.cpp:21] findFileInPod: result=1
[findFile_FUN_00481760.keep.c:17] findFile: path='art\crsr6.opa' handlers=2
[findFileInPod_FUN_00551960.keep.cpp:19] findFileInPod: 'art\crsr6.opa' (pod_file_count=41)
[findFileInPod_FUN_00551960.keep.cpp:21] findFileInPod: result=1
[findFile_FUN_00481760.keep.c:17] findFile: path='art\crsr7.raw' handlers=2
[findFileInPod_FUN_00551960.keep.cpp:19] findFileInPod: 'art\crsr7.raw' (pod_file_count=41)
[findFileInPod_FUN_00551960.keep.cpp:21] findFileInPod: result=1
[findFile_FUN_00481760.keep.c:17] findFile: path='art\crsr7.act' handlers=2
[findFileInPod_FUN_00551960.keep.cpp:19] findFileInPod: 'art\crsr7.act' (pod_file_count=41)
[findFileInPod_FUN_00551960.keep.cpp:21] findFileInPod: result=1
[findFile_FUN_00481760.keep.c:17] findFile: path='art\crsr7.opa' handlers=2
[findFileInPod_FUN_00551960.keep.cpp:19] findFileInPod: 'art\crsr7.opa' (pod_file_count=41)
[findFileInPod_FUN_00551960.keep.cpp:21] findFileInPod: result=1
[findFile_FUN_00481760.keep.c:17] findFile: path='art\crsr8.raw' handlers=2
[findFileInPod_FUN_00551960.keep.cpp:19] findFileInPod: 'art\crsr8.raw' (pod_file_count=41)
[findFileInPod_FUN_00551960.keep.cpp:21] findFileInPod: result=1
[findFile_FUN_00481760.keep.c:17] findFile: path='art\crsr8.act' handlers=2
[findFileInPod_FUN_00551960.keep.cpp:19] findFileInPod: 'art\crsr8.act' (pod_file_count=41)
[findFileInPod_FUN_00551960.keep.cpp:21] findFileInPod: result=1
[findFile_FUN_00481760.keep.c:17] findFile: path='art\crsr8.opa' handlers=2
[findFileInPod_FUN_00551960.keep.cpp:19] findFileInPod: 'art\crsr8.opa' (pod_file_count=41)
[findFileInPod_FUN_00551960.keep.cpp:21] findFileInPod: result=1
[findFile_FUN_00481760.keep.c:17] findFile: path='art\flame1.raw' handlers=2
[findFileInPod_FUN_00551960.keep.cpp:19] findFileInPod: 'art\flame1.raw' (pod_file_count=41)
[findFileInPod_FUN_00551960.keep.cpp:21] findFileInPod: result=1
[findFile_FUN_00481760.keep.c:17] findFile: path='art\flame1.act' handlers=2
[findFileInPod_FUN_00551960.keep.cpp:19] findFileInPod: 'art\flame1.act' (pod_file_count=41)
[findFileInPod_FUN_00551960.keep.cpp:21] findFileInPod: result=1
[findFile_FUN_00481760.keep.c:17] findFile: path='art\flame1.opa' handlers=2
[findFileInPod_FUN_00551960.keep.cpp:19] findFileInPod: 'art\flame1.opa' (pod_file_count=41)
[findFileInPod_FUN_00551960.keep.cpp:21] findFileInPod: result=0
[findFile_FUN_00481760.keep.c:17] findFile: path='art\flame2.raw' handlers=2
[findFileInPod_FUN_00551960.keep.cpp:19] findFileInPod: 'art\flame2.raw' (pod_file_count=41)
[findFileInPod_FUN_00551960.keep.cpp:21] findFileInPod: result=1
[findFile_FUN_00481760.keep.c:17] findFile: path='art\flame2.act' handlers=2
[findFileInPod_FUN_00551960.keep.cpp:19] findFileInPod: 'art\flame2.act' (pod_file_count=41)
[findFileInPod_FUN_00551960.keep.cpp:21] findFileInPod: result=1
[findFile_FUN_00481760.keep.c:17] findFile: path='art\flame2.opa' handlers=2
[findFileInPod_FUN_00551960.keep.cpp:19] findFileInPod: 'art\flame2.opa' (pod_file_count=41)
[findFileInPod_FUN_00551960.keep.cpp:21] findFileInPod: result=0
[findFile_FUN_00481760.keep.c:17] findFile: path='art\flame3.raw' handlers=2
[findFileInPod_FUN_00551960.keep.cpp:19] findFileInPod: 'art\flame3.raw' (pod_file_count=41)
[findFileInPod_FUN_00551960.keep.cpp:21] findFileInPod: result=1
[findFile_FUN_00481760.keep.c:17] findFile: path='art\flame3.act' handlers=2
[findFileInPod_FUN_00551960.keep.cpp:19] findFileInPod: 'art\flame3.act' (pod_file_count=41)
[findFileInPod_FUN_00551960.keep.cpp:21] findFileInPod: result=1
[findFile_FUN_00481760.keep.c:17] findFile: path='art\flame3.opa' handlers=2
[findFileInPod_FUN_00551960.keep.cpp:19] findFileInPod: 'art\flame3.opa' (pod_file_count=41)
[findFileInPod_FUN_00551960.keep.cpp:21] findFileInPod: result=0
[findFile_FUN_00481760.keep.c:17] findFile: path='art\flame4.raw' handlers=2
[findFileInPod_FUN_00551960.keep.cpp:19] findFileInPod: 'art\flame4.raw' (pod_file_count=41)
[findFileInPod_FUN_00551960.keep.cpp:21] findFileInPod: result=1
[findFile_FUN_00481760.keep.c:17] findFile: path='art\flame4.act' handlers=2
[findFileInPod_FUN_00551960.keep.cpp:19] findFileInPod: 'art\flame4.act' (pod_file_count=41)
[findFileInPod_FUN_00551960.keep.cpp:21] findFileInPod: result=1
[findFile_FUN_00481760.keep.c:17] findFile: path='art\flame4.opa' handlers=2
[findFileInPod_FUN_00551960.keep.cpp:19] findFileInPod: 'art\flame4.opa' (pod_file_count=41)
[findFileInPod_FUN_00551960.keep.cpp:21] findFileInPod: result=0
[findFile_FUN_00481760.keep.c:17] findFile: path='art\flame5.raw' handlers=2
[findFileInPod_FUN_00551960.keep.cpp:19] findFileInPod: 'art\flame5.raw' (pod_file_count=41)
[findFileInPod_FUN_00551960.keep.cpp:21] findFileInPod: result=1
[findFile_FUN_00481760.keep.c:17] findFile: path='art\flame5.act' handlers=2
[findFileInPod_FUN_00551960.keep.cpp:19] findFileInPod: 'art\flame5.act' (pod_file_count=41)
[findFileInPod_FUN_00551960.keep.cpp:21] findFileInPod: result=1
[findFile_FUN_00481760.keep.c:17] findFile: path='art\flame5.opa' handlers=2
[findFileInPod_FUN_00551960.keep.cpp:19] findFileInPod: 'art\flame5.opa' (pod_file_count=41)
[findFileInPod_FUN_00551960.keep.cpp:21] findFileInPod: result=0
[findFile_FUN_00481760.keep.c:17] findFile: path='art\flame6.raw' handlers=2
[findFileInPod_FUN_00551960.keep.cpp:19] findFileInPod: 'art\flame6.raw' (pod_file_count=41)
[findFileInPod_FUN_00551960.keep.cpp:21] findFileInPod: result=1
[findFile_FUN_00481760.keep.c:17] findFile: path='art\flame6.act' handlers=2
[findFileInPod_FUN_00551960.keep.cpp:19] findFileInPod: 'art\flame6.act' (pod_file_count=41)
[findFileInPod_FUN_00551960.keep.cpp:21] findFileInPod: result=1
[findFile_FUN_00481760.keep.c:17] findFile: path='art\flame6.opa' handlers=2
[findFileInPod_FUN_00551960.keep.cpp:19] findFileInPod: 'art\flame6.opa' (pod_file_count=41)
[findFileInPod_FUN_00551960.keep.cpp:21] findFileInPod: result=0
[findFile_FUN_00481760.keep.c:17] findFile: path='art\flame7.raw' handlers=2
[findFileInPod_FUN_00551960.keep.cpp:19] findFileInPod: 'art\flame7.raw' (pod_file_count=41)
[findFileInPod_FUN_00551960.keep.cpp:21] findFileInPod: result=1
[findFile_FUN_00481760.keep.c:17] findFile: path='art\flame7.act' handlers=2
[findFileInPod_FUN_00551960.keep.cpp:19] findFileInPod: 'art\flame7.act' (pod_file_count=41)
[findFileInPod_FUN_00551960.keep.cpp:21] findFileInPod: result=1
[findFile_FUN_00481760.keep.c:17] findFile: path='art\flame7.opa' handlers=2
[findFileInPod_FUN_00551960.keep.cpp:19] findFileInPod: 'art\flame7.opa' (pod_file_count=41)
[findFileInPod_FUN_00551960.keep.cpp:21] findFileInPod: result=0
[findFile_FUN_00481760.keep.c:17] findFile: path='art\crsrskll1.raw' handlers=2
[findFileInPod_FUN_00551960.keep.cpp:19] findFileInPod: 'art\crsrskll1.raw' (pod_file_count=41)
[findFileInPod_FUN_00551960.keep.cpp:21] findFileInPod: result=1
[findFile_FUN_00481760.keep.c:17] findFile: path='art\crsrskll1.act' handlers=2
[findFileInPod_FUN_00551960.keep.cpp:19] findFileInPod: 'art\crsrskll1.act' (pod_file_count=41)
[findFileInPod_FUN_00551960.keep.cpp:21] findFileInPod: result=1
[findFile_FUN_00481760.keep.c:17] findFile: path='art\crsrskll1.opa' handlers=2
[findFileInPod_FUN_00551960.keep.cpp:19] findFileInPod: 'art\crsrskll1.opa' (pod_file_count=41)
[findFileInPod_FUN_00551960.keep.cpp:21] findFileInPod: result=1
[findFile_FUN_00481760.keep.c:17] findFile: path='art\crsrskll2.raw' handlers=2
[findFileInPod_FUN_00551960.keep.cpp:19] findFileInPod: 'art\crsrskll2.raw' (pod_file_count=41)
[findFileInPod_FUN_00551960.keep.cpp:21] findFileInPod: result=1
[findFile_FUN_00481760.keep.c:17] findFile: path='art\crsrskll2.act' handlers=2
[findFileInPod_FUN_00551960.keep.cpp:19] findFileInPod: 'art\crsrskll2.act' (pod_file_count=41)
[findFileInPod_FUN_00551960.keep.cpp:21] findFileInPod: result=1
[findFile_FUN_00481760.keep.c:17] findFile: path='art\crsrskll2.opa' handlers=2
[findFileInPod_FUN_00551960.keep.cpp:19] findFileInPod: 'art\crsrskll2.opa' (pod_file_count=41)
[findFileInPod_FUN_00551960.keep.cpp:21] findFileInPod: result=1
[findFile_FUN_00481760.keep.c:17] findFile: path='art\crsrskll3.raw' handlers=2
[findFileInPod_FUN_00551960.keep.cpp:19] findFileInPod: 'art\crsrskll3.raw' (pod_file_count=41)
[findFileInPod_FUN_00551960.keep.cpp:21] findFileInPod: result=1
[findFile_FUN_00481760.keep.c:17] findFile: path='art\crsrskll3.act' handlers=2
[findFileInPod_FUN_00551960.keep.cpp:19] findFileInPod: 'art\crsrskll3.act' (pod_file_count=41)
[findFileInPod_FUN_00551960.keep.cpp:21] findFileInPod: result=1
[findFile_FUN_00481760.keep.c:17] findFile: path='art\crsrskll3.opa' handlers=2
[findFileInPod_FUN_00551960.keep.cpp:19] findFileInPod: 'art\crsrskll3.opa' (pod_file_count=41)
[findFileInPod_FUN_00551960.keep.cpp:21] findFileInPod: result=1
[findFile_FUN_00481760.keep.c:17] findFile: path='art\crsrskll4.raw' handlers=2
[findFileInPod_FUN_00551960.keep.cpp:19] findFileInPod: 'art\crsrskll4.raw' (pod_file_count=41)
[findFileInPod_FUN_00551960.keep.cpp:21] findFileInPod: result=1
[findFile_FUN_00481760.keep.c:17] findFile: path='art\crsrskll4.act' handlers=2
[findFileInPod_FUN_00551960.keep.cpp:19] findFileInPod: 'art\crsrskll4.act' (pod_file_count=41)
[findFileInPod_FUN_00551960.keep.cpp:21] findFileInPod: result=1
[findFile_FUN_00481760.keep.c:17] findFile: path='art\crsrskll4.opa' handlers=2
[findFileInPod_FUN_00551960.keep.cpp:19] findFileInPod: 'art\crsrskll4.opa' (pod_file_count=41)
[findFileInPod_FUN_00551960.keep.cpp:21] findFileInPod: result=1
[findFile_FUN_00481760.keep.c:17] findFile: path='art\crsrskll5.raw' handlers=2
[findFileInPod_FUN_00551960.keep.cpp:19] findFileInPod: 'art\crsrskll5.raw' (pod_file_count=41)
[findFileInPod_FUN_00551960.keep.cpp:21] findFileInPod: result=1
[findFile_FUN_00481760.keep.c:17] findFile: path='art\crsrskll5.act' handlers=2
[findFileInPod_FUN_00551960.keep.cpp:19] findFileInPod: 'art\crsrskll5.act' (pod_file_count=41)
[findFileInPod_FUN_00551960.keep.cpp:21] findFileInPod: result=1
[findFile_FUN_00481760.keep.c:17] findFile: path='art\crsrskll5.opa' handlers=2
[findFileInPod_FUN_00551960.keep.cpp:19] findFileInPod: 'art\crsrskll5.opa' (pod_file_count=41)
[findFileInPod_FUN_00551960.keep.cpp:21] findFileInPod: result=1
[findFile_FUN_00481760.keep.c:17] findFile: path='art\crsrskll6.raw' handlers=2
[findFileInPod_FUN_00551960.keep.cpp:19] findFileInPod: 'art\crsrskll6.raw' (pod_file_count=41)
[findFileInPod_FUN_00551960.keep.cpp:21] findFileInPod: result=1
[findFile_FUN_00481760.keep.c:17] findFile: path='art\crsrskll6.act' handlers=2
[findFileInPod_FUN_00551960.keep.cpp:19] findFileInPod: 'art\crsrskll6.act' (pod_file_count=41)
[findFileInPod_FUN_00551960.keep.cpp:21] findFileInPod: result=1
[findFile_FUN_00481760.keep.c:17] findFile: path='art\crsrskll6.opa' handlers=2
[findFileInPod_FUN_00551960.keep.cpp:19] findFileInPod: 'art\crsrskll6.opa' (pod_file_count=41)
[findFileInPod_FUN_00551960.keep.cpp:21] findFileInPod: result=1
[findFile_FUN_00481760.keep.c:17] findFile: path='art\crsrskll7.raw' handlers=2
[findFileInPod_FUN_00551960.keep.cpp:19] findFileInPod: 'art\crsrskll7.raw' (pod_file_count=41)
[findFileInPod_FUN_00551960.keep.cpp:21] findFileInPod: result=1
[findFile_FUN_00481760.keep.c:17] findFile: path='art\crsrskll7.act' handlers=2
[findFileInPod_FUN_00551960.keep.cpp:19] findFileInPod: 'art\crsrskll7.act' (pod_file_count=41)
[findFileInPod_FUN_00551960.keep.cpp:21] findFileInPod: result=1
[findFile_FUN_00481760.keep.c:17] findFile: path='art\crsrskll7.opa' handlers=2
[findFileInPod_FUN_00551960.keep.cpp:19] findFileInPod: 'art\crsrskll7.opa' (pod_file_count=41)
[findFileInPod_FUN_00551960.keep.cpp:21] findFileInPod: result=1
[findFile_FUN_00481760.keep.c:17] findFile: path='art\crsrskll7.raw' handlers=2
[findFileInPod_FUN_00551960.keep.cpp:19] findFileInPod: 'art\crsrskll7.raw' (pod_file_count=41)
[findFileInPod_FUN_00551960.keep.cpp:21] findFileInPod: result=1
[findFile_FUN_00481760.keep.c:17] findFile: path='art\crsrskll7.act' handlers=2
[findFileInPod_FUN_00551960.keep.cpp:19] findFileInPod: 'art\crsrskll7.act' (pod_file_count=41)
[findFileInPod_FUN_00551960.keep.cpp:21] findFileInPod: result=1
[findFile_FUN_00481760.keep.c:17] findFile: path='art\crsrskll7.opa' handlers=2
[findFileInPod_FUN_00551960.keep.cpp:19] findFileInPod: 'art\crsrskll7.opa' (pod_file_count=41)
[findFileInPod_FUN_00551960.keep.cpp:21] findFileInPod: result=1
[findFile_FUN_00481760.keep.c:17] findFile: path='art\crsrskll7.raw' handlers=2
[findFileInPod_FUN_00551960.keep.cpp:19] findFileInPod: 'art\crsrskll7.raw' (pod_file_count=41)
[findFileInPod_FUN_00551960.keep.cpp:21] findFileInPod: result=1
[findFile_FUN_00481760.keep.c:17] findFile: path='art\crsrskll7.act' handlers=2
[findFileInPod_FUN_00551960.keep.cpp:19] findFileInPod: 'art\crsrskll7.act' (pod_file_count=41)
[findFileInPod_FUN_00551960.keep.cpp:21] findFileInPod: result=1
[findFile_FUN_00481760.keep.c:17] findFile: path='art\crsrskll7.opa' handlers=2
[findFileInPod_FUN_00551960.keep.cpp:19] findFileInPod: 'art\crsrskll7.opa' (pod_file_count=41)
[findFileInPod_FUN_00551960.keep.cpp:21] findFileInPod: result=1
[findFile_FUN_00481760.keep.c:17] findFile: path='art\crsrskll7.raw' handlers=2
[findFileInPod_FUN_00551960.keep.cpp:19] findFileInPod: 'art\crsrskll7.raw' (pod_file_count=41)
[findFileInPod_FUN_00551960.keep.cpp:21] findFileInPod: result=1
[findFile_FUN_00481760.keep.c:17] findFile: path='art\crsrskll7.act' handlers=2
[findFileInPod_FUN_00551960.keep.cpp:19] findFileInPod: 'art\crsrskll7.act' (pod_file_count=41)
[findFileInPod_FUN_00551960.keep.cpp:21] findFileInPod: result=1
[findFile_FUN_00481760.keep.c:17] findFile: path='art\crsrskll7.opa' handlers=2
[findFileInPod_FUN_00551960.keep.cpp:19] findFileInPod: 'art\crsrskll7.opa' (pod_file_count=41)
[findFileInPod_FUN_00551960.keep.cpp:21] findFileInPod: result=1
[findFile_FUN_00481760.keep.c:17] findFile: path='art\crsrskll7.raw' handlers=2
[findFileInPod_FUN_00551960.keep.cpp:19] findFileInPod: 'art\crsrskll7.raw' (pod_file_count=41)
[findFileInPod_FUN_00551960.keep.cpp:21] findFileInPod: result=1
[findFile_FUN_00481760.keep.c:17] findFile: path='art\crsrskll7.act' handlers=2
[findFileInPod_FUN_00551960.keep.cpp:19] findFileInPod: 'art\crsrskll7.act' (pod_file_count=41)
[findFileInPod_FUN_00551960.keep.cpp:21] findFileInPod: result=1
[findFile_FUN_00481760.keep.c:17] findFile: path='art\crsrskll7.opa' handlers=2
[findFileInPod_FUN_00551960.keep.cpp:19] findFileInPod: 'art\crsrskll7.opa' (pod_file_count=41)
[findFileInPod_FUN_00551960.keep.cpp:21] findFileInPod: result=1
[findFile_FUN_00481760.keep.c:17] findFile: path='art\crsrskll7.raw' handlers=2
[findFileInPod_FUN_00551960.keep.cpp:19] findFileInPod: 'art\crsrskll7.raw' (pod_file_count=41)
[findFileInPod_FUN_00551960.keep.cpp:21] findFileInPod: result=1
[findFile_FUN_00481760.keep.c:17] findFile: path='art\crsrskll7.act' handlers=2
[findFileInPod_FUN_00551960.keep.cpp:19] findFileInPod: 'art\crsrskll7.act' (pod_file_count=41)
[findFileInPod_FUN_00551960.keep.cpp:21] findFileInPod: result=1
[findFile_FUN_00481760.keep.c:17] findFile: path='art\crsrskll7.opa' handlers=2
[findFileInPod_FUN_00551960.keep.cpp:19] findFileInPod: 'art\crsrskll7.opa' (pod_file_count=41)
[findFileInPod_FUN_00551960.keep.cpp:21] findFileInPod: result=1
[findFile_FUN_00481760.keep.c:17] findFile: path='art\crsrskll7.raw' handlers=2
[findFileInPod_FUN_00551960.keep.cpp:19] findFileInPod: 'art\crsrskll7.raw' (pod_file_count=41)
[findFileInPod_FUN_00551960.keep.cpp:21] findFileInPod: result=1
[findFile_FUN_00481760.keep.c:17] findFile: path='art\crsrskll7.act' handlers=2
[findFileInPod_FUN_00551960.keep.cpp:19] findFileInPod: 'art\crsrskll7.act' (pod_file_count=41)
[findFileInPod_FUN_00551960.keep.cpp:21] findFileInPod: result=1
[findFile_FUN_00481760.keep.c:17] findFile: path='art\crsrskll7.opa' handlers=2
[findFileInPod_FUN_00551960.keep.cpp:19] findFileInPod: 'art\crsrskll7.opa' (pod_file_count=41)
[findFileInPod_FUN_00551960.keep.cpp:21] findFileInPod: result=1
[findFile_FUN_00481760.keep.c:17] findFile: path='art\crsrskll7.raw' handlers=2
[findFileInPod_FUN_00551960.keep.cpp:19] findFileInPod: 'art\crsrskll7.raw' (pod_file_count=41)
[findFileInPod_FUN_00551960.keep.cpp:21] findFileInPod: result=1
[findFile_FUN_00481760.keep.c:17] findFile: path='art\crsrskll7.act' handlers=2
[findFileInPod_FUN_00551960.keep.cpp:19] findFileInPod: 'art\crsrskll7.act' (pod_file_count=41)
[findFileInPod_FUN_00551960.keep.cpp:21] findFileInPod: result=1
[findFile_FUN_00481760.keep.c:17] findFile: path='art\crsrskll7.opa' handlers=2
[findFileInPod_FUN_00551960.keep.cpp:19] findFileInPod: 'art\crsrskll7.opa' (pod_file_count=41)
[findFileInPod_FUN_00551960.keep.cpp:21] findFileInPod: result=1
[findFile_FUN_00481760.keep.c:17] findFile: path='art\crsrskll7.raw' handlers=2
[findFileInPod_FUN_00551960.keep.cpp:19] findFileInPod: 'art\crsrskll7.raw' (pod_file_count=41)
[findFileInPod_FUN_00551960.keep.cpp:21] findFileInPod: result=1
[findFile_FUN_00481760.keep.c:17] findFile: path='art\crsrskll7.act' handlers=2
[findFileInPod_FUN_00551960.keep.cpp:19] findFileInPod: 'art\crsrskll7.act' (pod_file_count=41)
[findFileInPod_FUN_00551960.keep.cpp:21] findFileInPod: result=1
[findFile_FUN_00481760.keep.c:17] findFile: path='art\crsrskll7.opa' handlers=2
[findFileInPod_FUN_00551960.keep.cpp:19] findFileInPod: 'art\crsrskll7.opa' (pod_file_count=41)
[findFileInPod_FUN_00551960.keep.cpp:21] findFileInPod: result=1
[findFile_FUN_00481760.keep.c:17] findFile: path='art\f0100.raw' handlers=2
[findFileInPod_FUN_00551960.keep.cpp:19] findFileInPod: 'art\f0100.raw' (pod_file_count=41)
[findFileInPod_FUN_00551960.keep.cpp:21] findFileInPod: result=1
[findFile_FUN_00481760.keep.c:17] findFile: path='art\f0100.act' handlers=2
[findFileInPod_FUN_00551960.keep.cpp:19] findFileInPod: 'art\f0100.act' (pod_file_count=41)
[findFileInPod_FUN_00551960.keep.cpp:21] findFileInPod: result=1
[findFile_FUN_00481760.keep.c:17] findFile: path='art\f0100.opa' handlers=2
[findFileInPod_FUN_00551960.keep.cpp:19] findFileInPod: 'art\f0100.opa' (pod_file_count=41)
[findFileInPod_FUN_00551960.keep.cpp:21] findFileInPod: result=0
[findFile_FUN_00481760.keep.c:17] findFile: path='art\f0300.raw' handlers=2
[findFileInPod_FUN_00551960.keep.cpp:19] findFileInPod: 'art\f0300.raw' (pod_file_count=41)
[findFileInPod_FUN_00551960.keep.cpp:21] findFileInPod: result=1
[findFile_FUN_00481760.keep.c:17] findFile: path='art\f0300.act' handlers=2
[findFileInPod_FUN_00551960.keep.cpp:19] findFileInPod: 'art\f0300.act' (pod_file_count=41)
[findFileInPod_FUN_00551960.keep.cpp:21] findFileInPod: result=1
[findFile_FUN_00481760.keep.c:17] findFile: path='art\f0300.opa' handlers=2
[findFileInPod_FUN_00551960.keep.cpp:19] findFileInPod: 'art\f0300.opa' (pod_file_count=41)
[findFileInPod_FUN_00551960.keep.cpp:21] findFileInPod: result=0
[findFile_FUN_00481760.keep.c:17] findFile: path='art\f0500.raw' handlers=2
[findFileInPod_FUN_00551960.keep.cpp:19] findFileInPod: 'art\f0500.raw' (pod_file_count=41)
[findFileInPod_FUN_00551960.keep.cpp:21] findFileInPod: result=1
[findFile_FUN_00481760.keep.c:17] findFile: path='art\f0500.act' handlers=2
[findFileInPod_FUN_00551960.keep.cpp:19] findFileInPod: 'art\f0500.act' (pod_file_count=41)
[findFileInPod_FUN_00551960.keep.cpp:21] findFileInPod: result=1
[findFile_FUN_00481760.keep.c:17] findFile: path='art\f0500.opa' handlers=2
[findFileInPod_FUN_00551960.keep.cpp:19] findFileInPod: 'art\f0500.opa' (pod_file_count=41)
[findFileInPod_FUN_00551960.keep.cpp:21] findFileInPod: result=0
[findFile_FUN_00481760.keep.c:17] findFile: path='art\f0700.raw' handlers=2
[findFileInPod_FUN_00551960.keep.cpp:19] findFileInPod: 'art\f0700.raw' (pod_file_count=41)
[findFileInPod_FUN_00551960.keep.cpp:21] findFileInPod: result=1
[findFile_FUN_00481760.keep.c:17] findFile: path='art\f0700.act' handlers=2
[findFileInPod_FUN_00551960.keep.cpp:19] findFileInPod: 'art\f0700.act' (pod_file_count=41)
[findFileInPod_FUN_00551960.keep.cpp:21] findFileInPod: result=1
[findFile_FUN_00481760.keep.c:17] findFile: path='art\f0700.opa' handlers=2
[findFileInPod_FUN_00551960.keep.cpp:19] findFileInPod: 'art\f0700.opa' (pod_file_count=41)
[findFileInPod_FUN_00551960.keep.cpp:21] findFileInPod: result=0
[findFile_FUN_00481760.keep.c:17] findFile: path='art\f0900.raw' handlers=2
[findFileInPod_FUN_00551960.keep.cpp:19] findFileInPod: 'art\f0900.raw' (pod_file_count=41)
[findFileInPod_FUN_00551960.keep.cpp:21] findFileInPod: result=1
[findFile_FUN_00481760.keep.c:17] findFile: path='art\f0900.act' handlers=2
[findFileInPod_FUN_00551960.keep.cpp:19] findFileInPod: 'art\f0900.act' (pod_file_count=41)
[findFileInPod_FUN_00551960.keep.cpp:21] findFileInPod: result=1
[findFile_FUN_00481760.keep.c:17] findFile: path='art\f0900.opa' handlers=2
[findFileInPod_FUN_00551960.keep.cpp:19] findFileInPod: 'art\f0900.opa' (pod_file_count=41)
[findFileInPod_FUN_00551960.keep.cpp:21] findFileInPod: result=0
[findFile_FUN_00481760.keep.c:17] findFile: path='art\f1100.raw' handlers=2
[findFileInPod_FUN_00551960.keep.cpp:19] findFileInPod: 'art\f1100.raw' (pod_file_count=41)
[findFileInPod_FUN_00551960.keep.cpp:21] findFileInPod: result=1
[findFile_FUN_00481760.keep.c:17] findFile: path='art\f1100.act' handlers=2
[findFileInPod_FUN_00551960.keep.cpp:19] findFileInPod: 'art\f1100.act' (pod_file_count=41)
[findFileInPod_FUN_00551960.keep.cpp:21] findFileInPod: result=1
[findFile_FUN_00481760.keep.c:17] findFile: path='art\f1100.opa' handlers=2
[findFileInPod_FUN_00551960.keep.cpp:19] findFileInPod: 'art\f1100.opa' (pod_file_count=41)
[findFileInPod_FUN_00551960.keep.cpp:21] findFileInPod: result=0
[findFile_FUN_00481760.keep.c:17] findFile: path='art\f1300.raw' handlers=2
[findFileInPod_FUN_00551960.keep.cpp:19] findFileInPod: 'art\f1300.raw' (pod_file_count=41)
[findFileInPod_FUN_00551960.keep.cpp:21] findFileInPod: result=1
[findFile_FUN_00481760.keep.c:17] findFile: path='art\f1300.act' handlers=2
[findFileInPod_FUN_00551960.keep.cpp:19] findFileInPod: 'art\f1300.act' (pod_file_count=41)
[findFileInPod_FUN_00551960.keep.cpp:21] findFileInPod: result=1
[findFile_FUN_00481760.keep.c:17] findFile: path='art\f1300.opa' handlers=2
[findFileInPod_FUN_00551960.keep.cpp:19] findFileInPod: 'art\f1300.opa' (pod_file_count=41)
[findFileInPod_FUN_00551960.keep.cpp:21] findFileInPod: result=0
[findFile_FUN_00481760.keep.c:17] findFile: path='art\f1500.raw' handlers=2
[findFileInPod_FUN_00551960.keep.cpp:19] findFileInPod: 'art\f1500.raw' (pod_file_count=41)
[findFileInPod_FUN_00551960.keep.cpp:21] findFileInPod: result=1
[findFile_FUN_00481760.keep.c:17] findFile: path='art\f1500.act' handlers=2
[findFileInPod_FUN_00551960.keep.cpp:19] findFileInPod: 'art\f1500.act' (pod_file_count=41)
[findFileInPod_FUN_00551960.keep.cpp:21] findFileInPod: result=1
[findFile_FUN_00481760.keep.c:17] findFile: path='art\f1500.opa' handlers=2
[findFileInPod_FUN_00551960.keep.cpp:19] findFileInPod: 'art\f1500.opa' (pod_file_count=41)
[findFileInPod_FUN_00551960.keep.cpp:21] findFileInPod: result=0
[findFile_FUN_00481760.keep.c:17] findFile: path='art\fblurl.raw' handlers=2
[findFileInPod_FUN_00551960.keep.cpp:19] findFileInPod: 'art\fblurl.raw' (pod_file_count=41)
[findFileInPod_FUN_00551960.keep.cpp:21] findFileInPod: result=1
[findFile_FUN_00481760.keep.c:17] findFile: path='art\fblurl.act' handlers=2
[findFileInPod_FUN_00551960.keep.cpp:19] findFileInPod: 'art\fblurl.act' (pod_file_count=41)
[findFileInPod_FUN_00551960.keep.cpp:21] findFileInPod: result=1
[findFile_FUN_00481760.keep.c:17] findFile: path='art\fblurl.opa' handlers=2
[findFileInPod_FUN_00551960.keep.cpp:19] findFileInPod: 'art\fblurl.opa' (pod_file_count=41)
[findFileInPod_FUN_00551960.keep.cpp:21] findFileInPod: result=1
[findFile_FUN_00481760.keep.c:17] findFile: path='art\fblurm.raw' handlers=2
[findFileInPod_FUN_00551960.keep.cpp:19] findFileInPod: 'art\fblurm.raw' (pod_file_count=41)
[findFileInPod_FUN_00551960.keep.cpp:21] findFileInPod: result=1
[findFile_FUN_00481760.keep.c:17] findFile: path='art\fblurm.act' handlers=2
[findFileInPod_FUN_00551960.keep.cpp:19] findFileInPod: 'art\fblurm.act' (pod_file_count=41)
[findFileInPod_FUN_00551960.keep.cpp:21] findFileInPod: result=1
[findFile_FUN_00481760.keep.c:17] findFile: path='art\fblurm.opa' handlers=2
[findFileInPod_FUN_00551960.keep.cpp:19] findFileInPod: 'art\fblurm.opa' (pod_file_count=41)
[findFileInPod_FUN_00551960.keep.cpp:21] findFileInPod: result=1
[findFile_FUN_00481760.keep.c:17] findFile: path='art\fblurr.raw' handlers=2
[findFileInPod_FUN_00551960.keep.cpp:19] findFileInPod: 'art\fblurr.raw' (pod_file_count=41)
[findFileInPod_FUN_00551960.keep.cpp:21] findFileInPod: result=1
[findFile_FUN_00481760.keep.c:17] findFile: path='art\fblurr.act' handlers=2
[findFileInPod_FUN_00551960.keep.cpp:19] findFileInPod: 'art\fblurr.act' (pod_file_count=41)
[findFileInPod_FUN_00551960.keep.cpp:21] findFileInPod: result=1
[findFile_FUN_00481760.keep.c:17] findFile: path='art\fblurr.opa' handlers=2
[findFileInPod_FUN_00551960.keep.cpp:19] findFileInPod: 'art\fblurr.opa' (pod_file_count=41)
[findFileInPod_FUN_00551960.keep.cpp:21] findFileInPod: result=1
[findFile_FUN_00481760.keep.c:17] findFile: path='models\moon.kfm' handlers=2
[findFileInPod_FUN_00551960.keep.cpp:19] findFileInPod: 'models\moon.kfm' (pod_file_count=41)
[findFileInPod_FUN_00551960.keep.cpp:21] findFileInPod: result=1
[findFile_FUN_00481760.keep.c:17] findFile: path='models\moon.kfm' handlers=2
[findFileInPod_FUN_00551960.keep.cpp:19] findFileInPod: 'models\moon.kfm' (pod_file_count=41)
[findFileInPod_FUN_00551960.keep.cpp:21] findFileInPod: result=1
[findFile_FUN_00481760.keep.c:17] findFile: path='models\menubat.kfm' handlers=2
[findFileInPod_FUN_00551960.keep.cpp:19] findFileInPod: 'models\menubat.kfm' (pod_file_count=41)
[findFileInPod_FUN_00551960.keep.cpp:21] findFileInPod: result=1
[findFile_FUN_00481760.keep.c:17] findFile: path='models\menubat.kfm' handlers=2
[findFileInPod_FUN_00551960.keep.cpp:19] findFileInPod: 'models\menubat.kfm' (pod_file_count=41)
[findFileInPod_FUN_00551960.keep.cpp:21] findFileInPod: result=1
[findFile_FUN_00481760.keep.c:17] findFile: path='art\menucld2.raw' handlers=2
[findFileInPod_FUN_00551960.keep.cpp:19] findFileInPod: 'art\menucld2.raw' (pod_file_count=41)
[findFileInPod_FUN_00551960.keep.cpp:21] findFileInPod: result=1
[findFile_FUN_00481760.keep.c:17] findFile: path='art\menucld2.act' handlers=2
[findFileInPod_FUN_00551960.keep.cpp:19] findFileInPod: 'art\menucld2.act' (pod_file_count=41)
[findFileInPod_FUN_00551960.keep.cpp:21] findFileInPod: result=1
[findFile_FUN_00481760.keep.c:17] findFile: path='art\menucld2.opa' handlers=2
[findFileInPod_FUN_00551960.keep.cpp:19] findFileInPod: 'art\menucld2.opa' (pod_file_count=41)
[findFileInPod_FUN_00551960.keep.cpp:21] findFileInPod: result=0
[findFile_FUN_00481760.keep.c:17] findFile: path='art\noc00000.raw' handlers=2
[findFileInPod_FUN_00551960.keep.cpp:19] findFileInPod: 'art\noc00000.raw' (pod_file_count=41)
[findFileInPod_FUN_00551960.keep.cpp:21] findFileInPod: result=1
[findFile_FUN_00481760.keep.c:17] findFile: path='art\noc00000.act' handlers=2
[findFileInPod_FUN_00551960.keep.cpp:19] findFileInPod: 'art\noc00000.act' (pod_file_count=41)
[findFileInPod_FUN_00551960.keep.cpp:21] findFileInPod: result=1
[findFile_FUN_00481760.keep.c:17] findFile: path='art\noc00000.opa' handlers=2
[findFileInPod_FUN_00551960.keep.cpp:19] findFileInPod: 'art\noc00000.opa' (pod_file_count=41)
[findFileInPod_FUN_00551960.keep.cpp:21] findFileInPod: result=1
[findFile_FUN_00481760.keep.c:17] findFile: path='art\noc00001.raw' handlers=2
[findFileInPod_FUN_00551960.keep.cpp:19] findFileInPod: 'art\noc00001.raw' (pod_file_count=41)
[findFileInPod_FUN_00551960.keep.cpp:21] findFileInPod: result=1
[findFile_FUN_00481760.keep.c:17] findFile: path='art\noc00001.act' handlers=2
[findFileInPod_FUN_00551960.keep.cpp:19] findFileInPod: 'art\noc00001.act' (pod_file_count=41)
[findFileInPod_FUN_00551960.keep.cpp:21] findFileInPod: result=1
[findFile_FUN_00481760.keep.c:17] findFile: path='art\noc00001.opa' handlers=2
[findFileInPod_FUN_00551960.keep.cpp:19] findFileInPod: 'art\noc00001.opa' (pod_file_count=41)
[findFileInPod_FUN_00551960.keep.cpp:21] findFileInPod: result=1
[findFile_FUN_00481760.keep.c:17] findFile: path='art\noc00002.raw' handlers=2
[findFileInPod_FUN_00551960.keep.cpp:19] findFileInPod: 'art\noc00002.raw' (pod_file_count=41)
[findFileInPod_FUN_00551960.keep.cpp:21] findFileInPod: result=1
[findFile_FUN_00481760.keep.c:17] findFile: path='art\noc00002.act' handlers=2
[findFileInPod_FUN_00551960.keep.cpp:19] findFileInPod: 'art\noc00002.act' (pod_file_count=41)
[findFileInPod_FUN_00551960.keep.cpp:21] findFileInPod: result=1
[findFile_FUN_00481760.keep.c:17] findFile: path='art\noc00002.opa' handlers=2
[findFileInPod_FUN_00551960.keep.cpp:19] findFileInPod: 'art\noc00002.opa' (pod_file_count=41)
[findFileInPod_FUN_00551960.keep.cpp:21] findFileInPod: result=1
[findFile_FUN_00481760.keep.c:17] findFile: path='art\noc00003.raw' handlers=2
[findFileInPod_FUN_00551960.keep.cpp:19] findFileInPod: 'art\noc00003.raw' (pod_file_count=41)
[findFileInPod_FUN_00551960.keep.cpp:21] findFileInPod: result=1
[findFile_FUN_00481760.keep.c:17] findFile: path='art\noc00003.act' handlers=2
[findFileInPod_FUN_00551960.keep.cpp:19] findFileInPod: 'art\noc00003.act' (pod_file_count=41)
[findFileInPod_FUN_00551960.keep.cpp:21] findFileInPod: result=1
[findFile_FUN_00481760.keep.c:17] findFile: path='art\noc00003.opa' handlers=2
[findFileInPod_FUN_00551960.keep.cpp:19] findFileInPod: 'art\noc00003.opa' (pod_file_count=41)
[findFileInPod_FUN_00551960.keep.cpp:21] findFileInPod: result=1
[findFile_FUN_00481760.keep.c:17] findFile: path='art\noc00004.raw' handlers=2
[findFileInPod_FUN_00551960.keep.cpp:19] findFileInPod: 'art\noc00004.raw' (pod_file_count=41)
[findFileInPod_FUN_00551960.keep.cpp:21] findFileInPod: result=1
[findFile_FUN_00481760.keep.c:17] findFile: path='art\noc00004.act' handlers=2
[findFileInPod_FUN_00551960.keep.cpp:19] findFileInPod: 'art\noc00004.act' (pod_file_count=41)
[findFileInPod_FUN_00551960.keep.cpp:21] findFileInPod: result=1
[findFile_FUN_00481760.keep.c:17] findFile: path='art\noc00004.opa' handlers=2
[findFileInPod_FUN_00551960.keep.cpp:19] findFileInPod: 'art\noc00004.opa' (pod_file_count=41)
[findFileInPod_FUN_00551960.keep.cpp:21] findFileInPod: result=1
[findFile_FUN_00481760.keep.c:17] findFile: path='art\noc00005.raw' handlers=2
[findFileInPod_FUN_00551960.keep.cpp:19] findFileInPod: 'art\noc00005.raw' (pod_file_count=41)
[findFileInPod_FUN_00551960.keep.cpp:21] findFileInPod: result=1
[findFile_FUN_00481760.keep.c:17] findFile: path='art\noc00005.act' handlers=2
[findFileInPod_FUN_00551960.keep.cpp:19] findFileInPod: 'art\noc00005.act' (pod_file_count=41)
[findFileInPod_FUN_00551960.keep.cpp:21] findFileInPod: result=1
[findFile_FUN_00481760.keep.c:17] findFile: path='art\noc00005.opa' handlers=2
[findFileInPod_FUN_00551960.keep.cpp:19] findFileInPod: 'art\noc00005.opa' (pod_file_count=41)
[findFileInPod_FUN_00551960.keep.cpp:21] findFileInPod: result=1
[findFile_FUN_00481760.keep.c:17] findFile: path='art\noc00006.raw' handlers=2
[findFileInPod_FUN_00551960.keep.cpp:19] findFileInPod: 'art\noc00006.raw' (pod_file_count=41)
[findFileInPod_FUN_00551960.keep.cpp:21] findFileInPod: result=1
[findFile_FUN_00481760.keep.c:17] findFile: path='art\noc00006.act' handlers=2
[findFileInPod_FUN_00551960.keep.cpp:19] findFileInPod: 'art\noc00006.act' (pod_file_count=41)
[findFileInPod_FUN_00551960.keep.cpp:21] findFileInPod: result=1
[findFile_FUN_00481760.keep.c:17] findFile: path='art\noc00006.opa' handlers=2
[findFileInPod_FUN_00551960.keep.cpp:19] findFileInPod: 'art\noc00006.opa' (pod_file_count=41)
[findFileInPod_FUN_00551960.keep.cpp:21] findFileInPod: result=1
[findFile_FUN_00481760.keep.c:17] findFile: path='art\noc00007.raw' handlers=2
[findFileInPod_FUN_00551960.keep.cpp:19] findFileInPod: 'art\noc00007.raw' (pod_file_count=41)
[findFileInPod_FUN_00551960.keep.cpp:21] findFileInPod: result=1
[findFile_FUN_00481760.keep.c:17] findFile: path='art\noc00007.act' handlers=2
[findFileInPod_FUN_00551960.keep.cpp:19] findFileInPod: 'art\noc00007.act' (pod_file_count=41)
[findFileInPod_FUN_00551960.keep.cpp:21] findFileInPod: result=1
[findFile_FUN_00481760.keep.c:17] findFile: path='art\noc00007.opa' handlers=2
[findFileInPod_FUN_00551960.keep.cpp:19] findFileInPod: 'art\noc00007.opa' (pod_file_count=41)
[findFileInPod_FUN_00551960.keep.cpp:21] findFileInPod: result=1
[findFile_FUN_00481760.keep.c:17] findFile: path='art\noc00008.raw' handlers=2
[findFileInPod_FUN_00551960.keep.cpp:19] findFileInPod: 'art\noc00008.raw' (pod_file_count=41)
[findFileInPod_FUN_00551960.keep.cpp:21] findFileInPod: result=1
[findFile_FUN_00481760.keep.c:17] findFile: path='art\noc00008.act' handlers=2
[findFileInPod_FUN_00551960.keep.cpp:19] findFileInPod: 'art\noc00008.act' (pod_file_count=41)
[findFileInPod_FUN_00551960.keep.cpp:21] findFileInPod: result=1
[findFile_FUN_00481760.keep.c:17] findFile: path='art\noc00008.opa' handlers=2
[findFileInPod_FUN_00551960.keep.cpp:19] findFileInPod: 'art\noc00008.opa' (pod_file_count=41)
[findFileInPod_FUN_00551960.keep.cpp:21] findFileInPod: result=1
[findFile_FUN_00481760.keep.c:17] findFile: path='art\noc00009.raw' handlers=2
[findFileInPod_FUN_00551960.keep.cpp:19] findFileInPod: 'art\noc00009.raw' (pod_file_count=41)
[findFileInPod_FUN_00551960.keep.cpp:21] findFileInPod: result=1
[findFile_FUN_00481760.keep.c:17] findFile: path='art\noc00009.act' handlers=2
[findFileInPod_FUN_00551960.keep.cpp:19] findFileInPod: 'art\noc00009.act' (pod_file_count=41)
[findFileInPod_FUN_00551960.keep.cpp:21] findFileInPod: result=1
[findFile_FUN_00481760.keep.c:17] findFile: path='art\noc00009.opa' handlers=2
[findFileInPod_FUN_00551960.keep.cpp:19] findFileInPod: 'art\noc00009.opa' (pod_file_count=41)
[findFileInPod_FUN_00551960.keep.cpp:21] findFileInPod: result=1
[findFile_FUN_00481760.keep.c:17] findFile: path='art\noc00010.raw' handlers=2
[findFileInPod_FUN_00551960.keep.cpp:19] findFileInPod: 'art\noc00010.raw' (pod_file_count=41)
[findFileInPod_FUN_00551960.keep.cpp:21] findFileInPod: result=1
[findFile_FUN_00481760.keep.c:17] findFile: path='art\noc00010.act' handlers=2
[findFileInPod_FUN_00551960.keep.cpp:19] findFileInPod: 'art\noc00010.act' (pod_file_count=41)
[findFileInPod_FUN_00551960.keep.cpp:21] findFileInPod: result=1
[findFile_FUN_00481760.keep.c:17] findFile: path='art\noc00010.opa' handlers=2
[findFileInPod_FUN_00551960.keep.cpp:19] findFileInPod: 'art\noc00010.opa' (pod_file_count=41)
[findFileInPod_FUN_00551960.keep.cpp:21] findFileInPod: result=1
[findFile_FUN_00481760.keep.c:17] findFile: path='art\noc00011.raw' handlers=2
[findFileInPod_FUN_00551960.keep.cpp:19] findFileInPod: 'art\noc00011.raw' (pod_file_count=41)
[findFileInPod_FUN_00551960.keep.cpp:21] findFileInPod: result=1
[findFile_FUN_00481760.keep.c:17] findFile: path='art\noc00011.act' handlers=2
[findFileInPod_FUN_00551960.keep.cpp:19] findFileInPod: 'art\noc00011.act' (pod_file_count=41)
[findFileInPod_FUN_00551960.keep.cpp:21] findFileInPod: result=1
[findFile_FUN_00481760.keep.c:17] findFile: path='art\noc00011.opa' handlers=2
[findFileInPod_FUN_00551960.keep.cpp:19] findFileInPod: 'art\noc00011.opa' (pod_file_count=41)
[findFileInPod_FUN_00551960.keep.cpp:21] findFileInPod: result=1
[findFile_FUN_00481760.keep.c:17] findFile: path='art\noc00012.raw' handlers=2
[findFileInPod_FUN_00551960.keep.cpp:19] findFileInPod: 'art\noc00012.raw' (pod_file_count=41)
[findFileInPod_FUN_00551960.keep.cpp:21] findFileInPod: result=1
[findFile_FUN_00481760.keep.c:17] findFile: path='art\noc00012.act' handlers=2
[findFileInPod_FUN_00551960.keep.cpp:19] findFileInPod: 'art\noc00012.act' (pod_file_count=41)
[findFileInPod_FUN_00551960.keep.cpp:21] findFileInPod: result=1
[findFile_FUN_00481760.keep.c:17] findFile: path='art\noc00012.opa' handlers=2
[findFileInPod_FUN_00551960.keep.cpp:19] findFileInPod: 'art\noc00012.opa' (pod_file_count=41)
[findFileInPod_FUN_00551960.keep.cpp:21] findFileInPod: result=1
[findFile_FUN_00481760.keep.c:17] findFile: path='art\noc00013.raw' handlers=2
[findFileInPod_FUN_00551960.keep.cpp:19] findFileInPod: 'art\noc00013.raw' (pod_file_count=41)
[findFileInPod_FUN_00551960.keep.cpp:21] findFileInPod: result=1
[findFile_FUN_00481760.keep.c:17] findFile: path='art\noc00013.act' handlers=2
[findFileInPod_FUN_00551960.keep.cpp:19] findFileInPod: 'art\noc00013.act' (pod_file_count=41)
[findFileInPod_FUN_00551960.keep.cpp:21] findFileInPod: result=1
[findFile_FUN_00481760.keep.c:17] findFile: path='art\noc00013.opa' handlers=2
[findFileInPod_FUN_00551960.keep.cpp:19] findFileInPod: 'art\noc00013.opa' (pod_file_count=41)
[findFileInPod_FUN_00551960.keep.cpp:21] findFileInPod: result=1
[findFile_FUN_00481760.keep.c:17] findFile: path='art\noc00014.raw' handlers=2
[findFileInPod_FUN_00551960.keep.cpp:19] findFileInPod: 'art\noc00014.raw' (pod_file_count=41)
[findFileInPod_FUN_00551960.keep.cpp:21] findFileInPod: result=1
[findFile_FUN_00481760.keep.c:17] findFile: path='art\noc00014.act' handlers=2
[findFileInPod_FUN_00551960.keep.cpp:19] findFileInPod: 'art\noc00014.act' (pod_file_count=41)
[findFileInPod_FUN_00551960.keep.cpp:21] findFileInPod: result=1
[findFile_FUN_00481760.keep.c:17] findFile: path='art\noc00014.opa' handlers=2
[findFileInPod_FUN_00551960.keep.cpp:19] findFileInPod: 'art\noc00014.opa' (pod_file_count=41)
[findFileInPod_FUN_00551960.keep.cpp:21] findFileInPod: result=1
[findFile_FUN_00481760.keep.c:17] findFile: path='art\noc00015.raw' handlers=2
[findFileInPod_FUN_00551960.keep.cpp:19] findFileInPod: 'art\noc00015.raw' (pod_file_count=41)
[findFileInPod_FUN_00551960.keep.cpp:21] findFileInPod: result=1
[findFile_FUN_00481760.keep.c:17] findFile: path='art\noc00015.act' handlers=2
[findFileInPod_FUN_00551960.keep.cpp:19] findFileInPod: 'art\noc00015.act' (pod_file_count=41)
[findFileInPod_FUN_00551960.keep.cpp:21] findFileInPod: result=1
[findFile_FUN_00481760.keep.c:17] findFile: path='art\noc00015.opa' handlers=2
[findFileInPod_FUN_00551960.keep.cpp:19] findFileInPod: 'art\noc00015.opa' (pod_file_count=41)
[findFileInPod_FUN_00551960.keep.cpp:21] findFileInPod: result=1
[findFile_FUN_00481760.keep.c:17] findFile: path='art\noc00016.raw' handlers=2
[findFileInPod_FUN_00551960.keep.cpp:19] findFileInPod: 'art\noc00016.raw' (pod_file_count=41)
[findFileInPod_FUN_00551960.keep.cpp:21] findFileInPod: result=1
[findFile_FUN_00481760.keep.c:17] findFile: path='art\noc00016.act' handlers=2
[findFileInPod_FUN_00551960.keep.cpp:19] findFileInPod: 'art\noc00016.act' (pod_file_count=41)
[findFileInPod_FUN_00551960.keep.cpp:21] findFileInPod: result=1
[findFile_FUN_00481760.keep.c:17] findFile: path='art\noc00016.opa' handlers=2
[findFileInPod_FUN_00551960.keep.cpp:19] findFileInPod: 'art\noc00016.opa' (pod_file_count=41)
[findFileInPod_FUN_00551960.keep.cpp:21] findFileInPod: result=1
[findFile_FUN_00481760.keep.c:17] findFile: path='art\noc00017.raw' handlers=2
[findFileInPod_FUN_00551960.keep.cpp:19] findFileInPod: 'art\noc00017.raw' (pod_file_count=41)
[findFileInPod_FUN_00551960.keep.cpp:21] findFileInPod: result=1
[findFile_FUN_00481760.keep.c:17] findFile: path='art\noc00017.act' handlers=2
[findFileInPod_FUN_00551960.keep.cpp:19] findFileInPod: 'art\noc00017.act' (pod_file_count=41)
[findFileInPod_FUN_00551960.keep.cpp:21] findFileInPod: result=1
[findFile_FUN_00481760.keep.c:17] findFile: path='art\noc00017.opa' handlers=2
[findFileInPod_FUN_00551960.keep.cpp:19] findFileInPod: 'art\noc00017.opa' (pod_file_count=41)
[findFileInPod_FUN_00551960.keep.cpp:21] findFileInPod: result=1
[findFile_FUN_00481760.keep.c:17] findFile: path='art\noc00018.raw' handlers=2
[findFileInPod_FUN_00551960.keep.cpp:19] findFileInPod: 'art\noc00018.raw' (pod_file_count=41)
[findFileInPod_FUN_00551960.keep.cpp:21] findFileInPod: result=1
[findFile_FUN_00481760.keep.c:17] findFile: path='art\noc00018.act' handlers=2
[findFileInPod_FUN_00551960.keep.cpp:19] findFileInPod: 'art\noc00018.act' (pod_file_count=41)
[findFileInPod_FUN_00551960.keep.cpp:21] findFileInPod: result=1
[findFile_FUN_00481760.keep.c:17] findFile: path='art\noc00018.opa' handlers=2
[findFileInPod_FUN_00551960.keep.cpp:19] findFileInPod: 'art\noc00018.opa' (pod_file_count=41)
[findFileInPod_FUN_00551960.keep.cpp:21] findFileInPod: result=1
[findFile_FUN_00481760.keep.c:17] findFile: path='art\noc00019.raw' handlers=2
[findFileInPod_FUN_00551960.keep.cpp:19] findFileInPod: 'art\noc00019.raw' (pod_file_count=41)
[findFileInPod_FUN_00551960.keep.cpp:21] findFileInPod: result=1
[findFile_FUN_00481760.keep.c:17] findFile: path='art\noc00019.act' handlers=2
[findFileInPod_FUN_00551960.keep.cpp:19] findFileInPod: 'art\noc00019.act' (pod_file_count=41)
[findFileInPod_FUN_00551960.keep.cpp:21] findFileInPod: result=1
[findFile_FUN_00481760.keep.c:17] findFile: path='art\noc00019.opa' handlers=2
[findFileInPod_FUN_00551960.keep.cpp:19] findFileInPod: 'art\noc00019.opa' (pod_file_count=41)
[findFileInPod_FUN_00551960.keep.cpp:21] findFileInPod: result=1
[findFile_FUN_00481760.keep.c:17] findFile: path='art\noc00020.raw' handlers=2
[findFileInPod_FUN_00551960.keep.cpp:19] findFileInPod: 'art\noc00020.raw' (pod_file_count=41)
[findFileInPod_FUN_00551960.keep.cpp:21] findFileInPod: result=1
[findFile_FUN_00481760.keep.c:17] findFile: path='art\noc00020.act' handlers=2
[findFileInPod_FUN_00551960.keep.cpp:19] findFileInPod: 'art\noc00020.act' (pod_file_count=41)
[findFileInPod_FUN_00551960.keep.cpp:21] findFileInPod: result=1
[findFile_FUN_00481760.keep.c:17] findFile: path='art\noc00020.opa' handlers=2
[findFileInPod_FUN_00551960.keep.cpp:19] findFileInPod: 'art\noc00020.opa' (pod_file_count=41)
[findFileInPod_FUN_00551960.keep.cpp:21] findFileInPod: result=1
[findFile_FUN_00481760.keep.c:17] findFile: path='art\noc00021.raw' handlers=2
[findFileInPod_FUN_00551960.keep.cpp:19] findFileInPod: 'art\noc00021.raw' (pod_file_count=41)
[findFileInPod_FUN_00551960.keep.cpp:21] findFileInPod: result=1
[findFile_FUN_00481760.keep.c:17] findFile: path='art\noc00021.act' handlers=2
[findFileInPod_FUN_00551960.keep.cpp:19] findFileInPod: 'art\noc00021.act' (pod_file_count=41)
[findFileInPod_FUN_00551960.keep.cpp:21] findFileInPod: result=1
[findFile_FUN_00481760.keep.c:17] findFile: path='art\noc00021.opa' handlers=2
[findFileInPod_FUN_00551960.keep.cpp:19] findFileInPod: 'art\noc00021.opa' (pod_file_count=41)
[findFileInPod_FUN_00551960.keep.cpp:21] findFileInPod: result=1
[findFile_FUN_00481760.keep.c:17] findFile: path='art\noc00022.raw' handlers=2
[findFileInPod_FUN_00551960.keep.cpp:19] findFileInPod: 'art\noc00022.raw' (pod_file_count=41)
[findFileInPod_FUN_00551960.keep.cpp:21] findFileInPod: result=1
[findFile_FUN_00481760.keep.c:17] findFile: path='art\noc00022.act' handlers=2
[findFileInPod_FUN_00551960.keep.cpp:19] findFileInPod: 'art\noc00022.act' (pod_file_count=41)
[findFileInPod_FUN_00551960.keep.cpp:21] findFileInPod: result=1
[findFile_FUN_00481760.keep.c:17] findFile: path='art\noc00022.opa' handlers=2
[findFileInPod_FUN_00551960.keep.cpp:19] findFileInPod: 'art\noc00022.opa' (pod_file_count=41)
[findFileInPod_FUN_00551960.keep.cpp:21] findFileInPod: result=1
[findFile_FUN_00481760.keep.c:17] findFile: path='art\noc00023.raw' handlers=2
[findFileInPod_FUN_00551960.keep.cpp:19] findFileInPod: 'art\noc00023.raw' (pod_file_count=41)
[findFileInPod_FUN_00551960.keep.cpp:21] findFileInPod: result=1
[findFile_FUN_00481760.keep.c:17] findFile: path='art\noc00023.act' handlers=2
[findFileInPod_FUN_00551960.keep.cpp:19] findFileInPod: 'art\noc00023.act' (pod_file_count=41)
[findFileInPod_FUN_00551960.keep.cpp:21] findFileInPod: result=1
[findFile_FUN_00481760.keep.c:17] findFile: path='art\noc00023.opa' handlers=2
[findFileInPod_FUN_00551960.keep.cpp:19] findFileInPod: 'art\noc00023.opa' (pod_file_count=41)
[findFileInPod_FUN_00551960.keep.cpp:21] findFileInPod: result=1
[findFile_FUN_00481760.keep.c:17] findFile: path='art\noc00024.raw' handlers=2
[findFileInPod_FUN_00551960.keep.cpp:19] findFileInPod: 'art\noc00024.raw' (pod_file_count=41)
[findFileInPod_FUN_00551960.keep.cpp:21] findFileInPod: result=1
[findFile_FUN_00481760.keep.c:17] findFile: path='art\noc00024.act' handlers=2
[findFileInPod_FUN_00551960.keep.cpp:19] findFileInPod: 'art\noc00024.act' (pod_file_count=41)
[findFileInPod_FUN_00551960.keep.cpp:21] findFileInPod: result=1
[findFile_FUN_00481760.keep.c:17] findFile: path='art\noc00024.opa' handlers=2
[findFileInPod_FUN_00551960.keep.cpp:19] findFileInPod: 'art\noc00024.opa' (pod_file_count=41)
[findFileInPod_FUN_00551960.keep.cpp:21] findFileInPod: result=1
[findFile_FUN_00481760.keep.c:17] findFile: path='art\noc00025.raw' handlers=2
[findFileInPod_FUN_00551960.keep.cpp:19] findFileInPod: 'art\noc00025.raw' (pod_file_count=41)
[findFileInPod_FUN_00551960.keep.cpp:21] findFileInPod: result=1
[findFile_FUN_00481760.keep.c:17] findFile: path='art\noc00025.act' handlers=2
[findFileInPod_FUN_00551960.keep.cpp:19] findFileInPod: 'art\noc00025.act' (pod_file_count=41)
[findFileInPod_FUN_00551960.keep.cpp:21] findFileInPod: result=1
[findFile_FUN_00481760.keep.c:17] findFile: path='art\noc00025.opa' handlers=2
[findFileInPod_FUN_00551960.keep.cpp:19] findFileInPod: 'art\noc00025.opa' (pod_file_count=41)
[findFileInPod_FUN_00551960.keep.cpp:21] findFileInPod: result=1
[findFile_FUN_00481760.keep.c:17] findFile: path='art\noc00026.raw' handlers=2
[findFileInPod_FUN_00551960.keep.cpp:19] findFileInPod: 'art\noc00026.raw' (pod_file_count=41)
[findFileInPod_FUN_00551960.keep.cpp:21] findFileInPod: result=1
[findFile_FUN_00481760.keep.c:17] findFile: path='art\noc00026.act' handlers=2
[findFileInPod_FUN_00551960.keep.cpp:19] findFileInPod: 'art\noc00026.act' (pod_file_count=41)
[findFileInPod_FUN_00551960.keep.cpp:21] findFileInPod: result=1
[findFile_FUN_00481760.keep.c:17] findFile: path='art\noc00026.opa' handlers=2
[findFileInPod_FUN_00551960.keep.cpp:19] findFileInPod: 'art\noc00026.opa' (pod_file_count=41)
[findFileInPod_FUN_00551960.keep.cpp:21] findFileInPod: result=1
[findFile_FUN_00481760.keep.c:17] findFile: path='art\noc00027.raw' handlers=2
[findFileInPod_FUN_00551960.keep.cpp:19] findFileInPod: 'art\noc00027.raw' (pod_file_count=41)
[findFileInPod_FUN_00551960.keep.cpp:21] findFileInPod: result=1
[findFile_FUN_00481760.keep.c:17] findFile: path='art\noc00027.act' handlers=2
[findFileInPod_FUN_00551960.keep.cpp:19] findFileInPod: 'art\noc00027.act' (pod_file_count=41)
[findFileInPod_FUN_00551960.keep.cpp:21] findFileInPod: result=1
[findFile_FUN_00481760.keep.c:17] findFile: path='art\noc00027.opa' handlers=2
[findFileInPod_FUN_00551960.keep.cpp:19] findFileInPod: 'art\noc00027.opa' (pod_file_count=41)
[findFileInPod_FUN_00551960.keep.cpp:21] findFileInPod: result=1
[findFile_FUN_00481760.keep.c:17] findFile: path='art\noc00028.raw' handlers=2
[findFileInPod_FUN_00551960.keep.cpp:19] findFileInPod: 'art\noc00028.raw' (pod_file_count=41)
[findFileInPod_FUN_00551960.keep.cpp:21] findFileInPod: result=1
[findFile_FUN_00481760.keep.c:17] findFile: path='art\noc00028.act' handlers=2
[findFileInPod_FUN_00551960.keep.cpp:19] findFileInPod: 'art\noc00028.act' (pod_file_count=41)
[findFileInPod_FUN_00551960.keep.cpp:21] findFileInPod: result=1
[findFile_FUN_00481760.keep.c:17] findFile: path='art\noc00028.opa' handlers=2
[findFileInPod_FUN_00551960.keep.cpp:19] findFileInPod: 'art\noc00028.opa' (pod_file_count=41)
[findFileInPod_FUN_00551960.keep.cpp:21] findFileInPod: result=1
[findFile_FUN_00481760.keep.c:17] findFile: path='art\noc00029.raw' handlers=2
[findFileInPod_FUN_00551960.keep.cpp:19] findFileInPod: 'art\noc00029.raw' (pod_file_count=41)
[findFileInPod_FUN_00551960.keep.cpp:21] findFileInPod: result=1
[findFile_FUN_00481760.keep.c:17] findFile: path='art\noc00029.act' handlers=2
[findFileInPod_FUN_00551960.keep.cpp:19] findFileInPod: 'art\noc00029.act' (pod_file_count=41)
[findFileInPod_FUN_00551960.keep.cpp:21] findFileInPod: result=1
[findFile_FUN_00481760.keep.c:17] findFile: path='art\noc00029.opa' handlers=2
[findFileInPod_FUN_00551960.keep.cpp:19] findFileInPod: 'art\noc00029.opa' (pod_file_count=41)
[findFileInPod_FUN_00551960.keep.cpp:21] findFileInPod: result=1
[findFile_FUN_00481760.keep.c:17] findFile: path='data\menu1.pth' handlers=2
[findFileInPod_FUN_00551960.keep.cpp:19] findFileInPod: 'data\menu1.pth' (pod_file_count=41)
[findFileInPod_FUN_00551960.keep.cpp:21] findFileInPod: result=1
[findFile_FUN_00481760.keep.c:17] findFile: path='data\menu2.pth' handlers=2
[findFileInPod_FUN_00551960.keep.cpp:19] findFileInPod: 'data\menu2.pth' (pod_file_count=41)
[findFileInPod_FUN_00551960.keep.cpp:21] findFileInPod: result=1
[findFile_FUN_00481760.keep.c:17] findFile: path='data\menu3.pth' handlers=2
[findFileInPod_FUN_00551960.keep.cpp:19] findFileInPod: 'data\menu3.pth' (pod_file_count=41)
[findFileInPod_FUN_00551960.keep.cpp:21] findFileInPod: result=1
